// Jest Snapshot v1, https://goo.gl/fbAQLP

exports[`Kubernetes cluster tests with istio Istio bookinfo example on multiple namespace 1`] = `
Array [
  "details",
  "productpage",
  "ratings",
  "reviews",
  "reviews",
  "reviews",
]
`;

exports[`Kubernetes cluster tests with istio Istio bookinfo example on multiple namespace 2`] = `
Array [
  "details",
  "productpage",
  "ratings",
  "reviews",
  "reviews",
  "reviews",
]
`;

exports[`Kubernetes cluster tests with istio Istio bookinfo example on single namespace 1`] = `
Array [
  "details",
  "productpage",
  "ratings",
  "reviews",
  "reviews",
  "reviews",
]
`;
