// Jest Snapshot v1, https://goo.gl/fbAQLP

exports[`Kubernetes cluster tests case with calico rules enabled for all namespaces 1`] = `
Array [
  Object {
    "ipRange": "10.88.0.4/24",
    "namespaces": Array [
      "default",
      "istio-system",
      "kube-system",
      null,
    ],
    "services": Object {
      "default": Array [
        "details",
        "productpage",
        "ratings",
        "reviews",
        "reviews",
        "reviews",
      ],
      "istio-system": Array [
        "grafana",
        "istio-egressgateway",
        "istio-ingressgateway",
        "istiod",
        "jaeger-agent",
        "kiali",
        "prometheus",
      ],
      "kube-system": Array [
        "kube-dns",
        "kube-dns",
      ],
    },
  },
]
`;

exports[`Kubernetes cluster tests case with calico rules enabled for default namespace 1`] = `
Array [
  Object {
    "ipRange": "10.88.0.4/24",
    "namespaces": Array [
      "default",
      "istio-system",
      "kube-system",
      null,
    ],
    "services": Object {
      "default": Array [
        "details",
        "productpage",
        "ratings",
        "reviews",
        "reviews",
        "reviews",
      ],
      "istio-system": Array [
        "grafana",
        "istio-egressgateway",
        "istio-ingressgateway",
        "istiod",
        "jaeger-agent",
        "kiali",
        "prometheus",
      ],
      "kube-system": Array [
        "kube-dns",
        "kube-dns",
      ],
    },
  },
]
`;

exports[`Kubernetes cluster tests case with istio enabled 1`] = `
Array [
  Object {
    "ipRange": "10.88.0.4/24",
    "namespaces": Array [
      "default",
      "istio-system",
      "kube-system",
      null,
    ],
    "services": Object {
      "default": Array [
        "details",
        "productpage",
        "ratings",
        "reviews",
        "reviews",
        "reviews",
      ],
      "istio-system": Array [
        "grafana",
        "istio-egressgateway",
        "istio-ingressgateway",
        "istiod",
        "jaeger-agent",
        "kiali",
        "prometheus",
      ],
      "kube-system": Array [
        "kube-dns",
        "kube-dns",
      ],
    },
  },
]
`;

exports[`Kubernetes cluster tests case with istio enabled in two namespaces 1`] = `
Array [
  Object {
    "ipRange": "10.88.0.4/24",
    "namespaces": Array [
      "default",
      "istio-system",
      "kube-system",
      null,
    ],
    "services": Object {
      "default": Array [
        "details",
        "productpage",
        "ratings",
        "reviews",
        "reviews",
        "reviews",
      ],
      "istio-system": Array [
        "grafana",
        "istio-egressgateway",
        "istio-ingressgateway",
        "istiod",
        "jaeger-agent",
        "kiali",
        "prometheus",
      ],
      "kube-system": Array [
        "kube-dns",
        "kube-dns",
      ],
    },
  },
]
`;
